
=== SIFCO AE DocAudit ΓÇö Full API Test ===

1. System Status
  Γ£ô GET /api/status returns 200
     ΓåÆ status=200

2. Auth ΓÇö Token Validation
  Γ£ô GET /auth/me without token ΓåÆ 401
     ΓåÆ status=401
  Γ£ù GET /auth/me with fake token ΓåÆ 401: status=403

3. Auth ΓÇö Login Flow
  Γ£ô Login with wrong credentials ΓåÆ 401
     ΓåÆ error="Invalid credentials"
  Γ£ô Login with correct credentials ΓåÆ 200
     ΓåÆ requiresOTP=true
  Γ£ô Login returns userId for OTP
     ΓåÆ userId=89ff2241...
  Γ£ô Login requires OTP (2FA enforced)
     ΓåÆ OTP step required

4. Auth ΓÇö OTP Verification
  Γ£ô Wrong OTP ΓåÆ 401
     ΓåÆ error="Invalid or expired OTP"
  ΓÜá No devOTP available ΓÇö skipping OTP verification (SMTP configured)

5. Auth ΓÇö /me Endpoint
  ΓÜá Skipping /me test ΓÇö no token (OTP not available in dev mode)

6. Documents API
  Γ£ô GET /documents without auth ΓåÆ 401
     ΓåÆ status=401

7. Analysis API
  Γ£ô GET /analysis/stats without auth ΓåÆ 401
     ΓåÆ status=401

8. Audit Reports API
  Γ£ô GET /audits/reports without auth ΓåÆ 401
     ΓåÆ status=401

9. Audit Logs API

10. Dashboard API

11. Role-Based Access Control

12. Registration Validation
  Γ£ô Register with invalid email ΓåÆ 400
     ΓåÆ error=""email" must be a valid email"
  Γ£ô Register with weak password ΓåÆ 400
     ΓåÆ error=""password" length must be at least 8 characters long; Password must contain at least one uppercase letter and one number; Password must contain at least one uppercase letter and one number"
  Γ£ô Register with duplicate email ΓåÆ 409
     ΓåÆ error="Email already registered"

13. Audit Rules Engine
  Γ£ô Invoice audit returns score
     ΓåÆ score=73/100
  Γ£ô Invoice audit returns risk level
     ΓåÆ risk=medium
  Γ£ô Invoice audit returns document_inspection
     ΓåÆ sig=true
  Γ£ô Invoice audit engine is v4
     ΓåÆ engine=rule-based-v4
  Γ£ô Forgery detection flags AI content
     ΓåÆ score=50

=============================================
Results: 36 passed, 1 failed
ΓÜá∩╕Å  1 test(s) failed

